#response_throttled?
  %s == true

#response_blocked?
  %s == true
