#available?
  %s == false

#registered?
  %s == true
