#status
  %s == :available

#available?
  %s == true

#registered?
  %s == false


#created_on
  %s == nil

#updated_on
  %s == nil

#expires_on
  %s %ERROR{AttributeNotSupported}


#nameservers
  %s %CLASS{array}
  %s == []
