#status
  %s == []

#available?
  %s == false

#registered?
  %s == false


#reserved?
  %s == true
