#status
  %s == :reserved

#reserved?
  %s == true
