#registrant_contacts
  %s %CLASS{array}
  %s == []

#admin_contacts
  %s %CLASS{array}
  %s == []

#technical_contacts
  %s %CLASS{array}
  %s == []
