#status
  %s == :suspended

#available?
  %s == false

#registered?
  %s == true
