#status
  %s == ["CLIENT DELETE PROHIBITED", "CLIENT RENEW PROHIBITED", "CLIENT TRANSFER PROHIBITED", "CLIENT UPDATE PROHIBITED"]
