#status
  %s == :registered

#available?
  %s == false

#registered?
  %s == true


#created_on
  %s %ERROR{AttributeNotSupported}

#updated_on
  %s %CLASS{time}
  %s %TIME{2011-10-04}

#expires_on
  %s %CLASS{time}
  %s %TIME{2013-11-01}

#nameservers
  %s %CLASS{array}
  %s %SIZE{2}
  %s[0] %CLASS{nameserver}
  %s[0].name == "ns1.google.com"
  %s[1] %CLASS{nameserver}
  %s[1].name == "ns2.google.com"
