#registrar
  %s %CLASS{registrar}
  %s.id           == "GODADDY"
  %s.name         == "GoDaddy.com, LLP."
  %s.name         == "GoDaddy.com, LLP."
  %s.url          == nil
