#status
  %s == :expired

#available?
  %s == false

#registered?
  %s == true
