#status
  %s == :registered

#available?
  %s == false

#registered?
  %s == true


#created_on
  %s %ERROR{AttributeNotSupported}

#updated_on
  %s %ERROR{AttributeNotSupported}

#expires_on
  %s %ERROR{AttributeNotSupported}


#nameservers
  %s %CLASS{array}
  %s %SIZE{2}
  %s[0] %CLASS{nameserver}
  %s[0].name == "ns1.commit.gm"
  %s[1] %CLASS{nameserver}
  %s[1].name == "ns1.sol.no"
