#status
  %s == :available

#available?
  %s == true

#registered?
  %s == false


#created_on
  %s == nil

#updated_on
  %s %CLASS{time}
  %s %TIME{1999-09-27}

#expires_on
  %s %ERROR{AttributeNotSupported}


#registrant_contacts
  %s %CLASS{array}
  %s == []

#admin_contacts
  %s %CLASS{array}
  %s == []

#technical_contacts
  %s %CLASS{array}
  %s == []


#nameservers
  %s %CLASS{array}
  %s == []
