#status
  %s == nil

#available?
  %s == true

#registered?
  %s == false
