#status
  %s == ["clientDeleteProhibited", "clientRenewProhibited", "clientTransferProhibited"]

#available?
  %s == false

#registered?
  %s == true
