#status
  %s == :incomplete


#response_incomplete?
  %s == true
