#status
  %s == :registered

#available?
  %s == false

#registered?
  %s == true


#created_on
  %s %CLASS{time}
  %s %TIME{2001-02-26}

#updated_on
  %s %CLASS{time}
  %s %TIME{2014-01-27}

#expires_on
  %s %ERROR{AttributeNotSupported}
