#updated_on
  %s %CLASS{time}
  %s %TIME{2005-11-17 21:16:31}
