#status
  %s == :reserved

#available?
  %s == false

#registered?
  %s == true


#reserved?
  %s == true
