#status
  %s == :registered

#available?
  %s == false

#registered?
  %s == true


#created_on
  %s %CLASS{time}
  %s %TIME{2009-03-24}

#updated_on
  %s %CLASS{time}
  %s %TIME{2009-03-24}

#expires_on
  %s %ERROR{AttributeNotSupported}
