#status
  %s == ["TRANSFER PROHIBITED", "RENEW PERIOD"]
