#domain
  %s == "u34jedzcq.mu"

#domain_id
  %s == nil


#status
  %s == :available

#available?
  %s == true

#registered?
  %s == false


#created_on
  %s == nil

#updated_on
  %s == nil

#expires_on
  %s == nil


#registrar
  %s == nil


#nameservers
  %s %CLASS{array}
  %s == []
