#status
  %s == :registered

#available?
  %s == false

#registered?
  %s == true
