#status
  %s == :registered

#registered?
  %s == true

#available?
  %s == false
