#created_on
  %s %CLASS{time}
  %s %TIME{2006-01-30 18:55:00}

#updated_on
  %s %CLASS{time}
  %s %TIME{2010-03-06 15:53:04}

#expires_on
  %s %CLASS{time}
  %s %TIME{2014-01-30}
