#status
  %s == :registered

#available?
  %s == false

#registered?
  %s == true


#created_on
  %s %ERROR{AttributeNotSupported}

#updated_on
  %s %CLASS{time}
  %s %TIME{2002-10-13}

#expires_on
  %s %ERROR{AttributeNotSupported}


#nameservers
  %s %ERROR{AttributeNotSupported}
