#status
  %s == :reserved

#available?
  %s == false

#registered?
  %s == true


#created_on
  %s %CLASS{time}
  %s %TIME{2009-02-09 00:00:00 UTC}

#updated_on
  %s %ERROR{AttributeNotSupported}

#expires_on
  %s == nil


#nameservers
  %s %CLASS{array}
  %s == []
